// Jest Snapshot v1, https://goo.gl/fbAQLP

exports[`should take a snapshot 1`] = `
<DocumentFragment>
  <section
    class="container"
  >
    <figure
      id="logo-login"
    >
      <img
        alt="logo-hamburger"
        id="logo-img-login"
        src="burger.png"
      />
    </figure>
    <form
      id="form-login"
    >
      <input
        class="inputForm"
        placeholder="E-MAIL"
        type="email"
      />
      <input
        class="inputForm"
        placeholder="SENHA"
        type="password"
      />
      <button
        class="signin"
        type="button"
      >
        ENTRAR
      </button>
    </form>
    <footer>
      <p
        class="errorMsg"
      />
      <p
        class="text-home"
      >
        Não possui conta? 
        <a
          class="link-home"
          href="/register"
        >
          Cadastre-se
        </a>
      </p>
    </footer>
  </section>
</DocumentFragment>
`;
